<?xml version="1.0" encoding="ISO-8859-1" ?>
<link_info>
   <banner>TI ARM Linker PC v20.2.5.LTS</banner>
   <copyright>Copyright (c) 1996-2018 Texas Instruments Incorporated</copyright>
   <link_time>0x6232c77d</link_time>
   <link_errors>0x3</link_errors>
   <output_file>prueba.out</output_file>
   <entry_point>
      <name>_c_int00_noargs</name>
      <address>0x2ae5</address>
   </entry_point>
   <input_file_list>
      <input_file id="fl-2">
         <path>.\</path>
         <kind>object</kind>
         <file>I2C.obj</file>
         <name>I2C.obj</name>
      </input_file>
      <input_file id="fl-3">
         <path>.\</path>
         <kind>object</kind>
         <file>Kalman.obj</file>
         <name>Kalman.obj</name>
      </input_file>
      <input_file id="fl-4">
         <path>.\</path>
         <kind>object</kind>
         <file>MPU6050.obj</file>
         <name>MPU6050.obj</name>
      </input_file>
      <input_file id="fl-5">
         <path>.\</path>
         <kind>object</kind>
         <file>MYUART.obj</file>
         <name>MYUART.obj</name>
      </input_file>
      <input_file id="fl-6">
         <path>.\</path>
         <kind>object</kind>
         <file>main.obj</file>
         <name>main.obj</name>
      </input_file>
      <input_file id="fl-7">
         <path>.\</path>
         <kind>object</kind>
         <file>myTimer.obj</file>
         <name>myTimer.obj</name>
      </input_file>
      <input_file id="fl-8">
         <path>.\</path>
         <kind>object</kind>
         <file>startup_ccs.obj</file>
         <name>startup_ccs.obj</name>
      </input_file>
      <input_file id="fl-9">
         <path>.\</path>
         <kind>object</kind>
         <file>tm4c123gh6pm_startup_ccs.obj</file>
         <name>tm4c123gh6pm_startup_ccs.obj</name>
      </input_file>
      <input_file id="fl-e">
         <kind>object</kind>
         <file>&lt;internal&gt;</file>
         <name>&lt;internal&gt;</name>
      </input_file>
      <input_file id="fl-f">
         <path>C:\ti\TivaWare_C_Series-2.1.4.178\driverlib\ccs\Debug\</path>
         <kind>archive</kind>
         <file>driverlib.lib</file>
         <name>fpu.obj</name>
      </input_file>
      <input_file id="fl-10">
         <path>C:\ti\TivaWare_C_Series-2.1.4.178\driverlib\ccs\Debug\</path>
         <kind>archive</kind>
         <file>driverlib.lib</file>
         <name>gpio.obj</name>
      </input_file>
      <input_file id="fl-11">
         <path>C:\ti\TivaWare_C_Series-2.1.4.178\driverlib\ccs\Debug\</path>
         <kind>archive</kind>
         <file>driverlib.lib</file>
         <name>i2c.obj</name>
      </input_file>
      <input_file id="fl-12">
         <path>C:\ti\TivaWare_C_Series-2.1.4.178\driverlib\ccs\Debug\</path>
         <kind>archive</kind>
         <file>driverlib.lib</file>
         <name>interrupt.obj</name>
      </input_file>
      <input_file id="fl-13">
         <path>C:\ti\TivaWare_C_Series-2.1.4.178\driverlib\ccs\Debug\</path>
         <kind>archive</kind>
         <file>driverlib.lib</file>
         <name>sysctl.obj</name>
      </input_file>
      <input_file id="fl-14">
         <path>C:\ti\TivaWare_C_Series-2.1.4.178\driverlib\ccs\Debug\</path>
         <kind>archive</kind>
         <file>driverlib.lib</file>
         <name>timer.obj</name>
      </input_file>
      <input_file id="fl-15">
         <path>C:\ti\TivaWare_C_Series-2.1.4.178\driverlib\ccs\Debug\</path>
         <kind>archive</kind>
         <file>driverlib.lib</file>
         <name>uart.obj</name>
      </input_file>
      <input_file id="fl-16">
         <path>C:\ti\TivaWare_C_Series-2.1.4.178\driverlib\ccs\Debug\</path>
         <kind>archive</kind>
         <file>driverlib.lib</file>
         <name>cpu.obj</name>
      </input_file>
      <input_file id="fl-cc">
         <path>C:\ti\ccs1031\ccs\tools\compiler\ti-cgt-arm_20.2.5.LTS\lib\</path>
         <kind>archive</kind>
         <file>rtsv7M4_T_le_v4SPD16_eabi.lib</file>
         <name>e_atan2.c.obj</name>
      </input_file>
      <input_file id="fl-cd">
         <path>C:\ti\ccs1031\ccs\tools\compiler\ti-cgt-arm_20.2.5.LTS\lib\</path>
         <kind>archive</kind>
         <file>rtsv7M4_T_le_v4SPD16_eabi.lib</file>
         <name>e_sqrt.c.obj</name>
      </input_file>
      <input_file id="fl-ce">
         <path>C:\ti\ccs1031\ccs\tools\compiler\ti-cgt-arm_20.2.5.LTS\lib\</path>
         <kind>archive</kind>
         <file>rtsv7M4_T_le_v4SPD16_eabi.lib</file>
         <name>s_atan.c.obj</name>
      </input_file>
      <input_file id="fl-cf">
         <path>C:\ti\ccs1031\ccs\tools\compiler\ti-cgt-arm_20.2.5.LTS\lib\</path>
         <kind>archive</kind>
         <file>rtsv7M4_T_le_v4SPD16_eabi.lib</file>
         <name>fd_add_t2.asm.obj</name>
      </input_file>
      <input_file id="fl-d0">
         <path>C:\ti\ccs1031\ccs\tools\compiler\ti-cgt-arm_20.2.5.LTS\lib\</path>
         <kind>archive</kind>
         <file>rtsv7M4_T_le_v4SPD16_eabi.lib</file>
         <name>fd_cmp_t2.asm.obj</name>
      </input_file>
      <input_file id="fl-d1">
         <path>C:\ti\ccs1031\ccs\tools\compiler\ti-cgt-arm_20.2.5.LTS\lib\</path>
         <kind>archive</kind>
         <file>rtsv7M4_T_le_v4SPD16_eabi.lib</file>
         <name>fd_div_t2.asm.obj</name>
      </input_file>
      <input_file id="fl-d2">
         <path>C:\ti\ccs1031\ccs\tools\compiler\ti-cgt-arm_20.2.5.LTS\lib\</path>
         <kind>archive</kind>
         <file>rtsv7M4_T_le_v4SPD16_eabi.lib</file>
         <name>fd_mul_t2.asm.obj</name>
      </input_file>
      <input_file id="fl-d3">
         <path>C:\ti\ccs1031\ccs\tools\compiler\ti-cgt-arm_20.2.5.LTS\lib\</path>
         <kind>archive</kind>
         <file>rtsv7M4_T_le_v4SPD16_eabi.lib</file>
         <name>fd_toi_t2.asm.obj</name>
      </input_file>
      <input_file id="fl-d4">
         <path>C:\ti\ccs1031\ccs\tools\compiler\ti-cgt-arm_20.2.5.LTS\lib\</path>
         <kind>archive</kind>
         <file>rtsv7M4_T_le_v4SPD16_eabi.lib</file>
         <name>fd_tos_t2.asm.obj</name>
      </input_file>
      <input_file id="fl-d5">
         <path>C:\ti\ccs1031\ccs\tools\compiler\ti-cgt-arm_20.2.5.LTS\lib\</path>
         <kind>archive</kind>
         <file>rtsv7M4_T_le_v4SPD16_eabi.lib</file>
         <name>fs_tod_t2.asm.obj</name>
      </input_file>
      <input_file id="fl-d6">
         <path>C:\ti\ccs1031\ccs\tools\compiler\ti-cgt-arm_20.2.5.LTS\lib\</path>
         <kind>archive</kind>
         <file>rtsv7M4_T_le_v4SPD16_eabi.lib</file>
         <name>i_tofd_t2.asm.obj</name>
      </input_file>
      <input_file id="fl-d7">
         <path>C:\ti\ccs1031\ccs\tools\compiler\ti-cgt-arm_20.2.5.LTS\lib\</path>
         <kind>archive</kind>
         <file>rtsv7M4_T_le_v4SPD16_eabi.lib</file>
         <name>copy_zero_init.c.obj</name>
      </input_file>
      <input_file id="fl-d8">
         <path>C:\ti\ccs1031\ccs\tools\compiler\ti-cgt-arm_20.2.5.LTS\lib\</path>
         <kind>archive</kind>
         <file>rtsv7M4_T_le_v4SPD16_eabi.lib</file>
         <name>copy_decompress_none.c.obj</name>
      </input_file>
      <input_file id="fl-d9">
         <path>C:\ti\ccs1031\ccs\tools\compiler\ti-cgt-arm_20.2.5.LTS\lib\</path>
         <kind>archive</kind>
         <file>rtsv7M4_T_le_v4SPD16_eabi.lib</file>
         <name>copy_decompress_lzss.c.obj</name>
      </input_file>
      <input_file id="fl-da">
         <path>C:\ti\ccs1031\ccs\tools\compiler\ti-cgt-arm_20.2.5.LTS\lib\</path>
         <kind>archive</kind>
         <file>rtsv7M4_T_le_v4SPD16_eabi.lib</file>
         <name>errno.c.obj</name>
      </input_file>
      <input_file id="fl-db">
         <path>C:\ti\ccs1031\ccs\tools\compiler\ti-cgt-arm_20.2.5.LTS\lib\</path>
         <kind>archive</kind>
         <file>rtsv7M4_T_le_v4SPD16_eabi.lib</file>
         <name>boot_cortex_m.c.obj</name>
      </input_file>
      <input_file id="fl-dc">
         <path>C:\ti\ccs1031\ccs\tools\compiler\ti-cgt-arm_20.2.5.LTS\lib\</path>
         <kind>archive</kind>
         <file>rtsv7M4_T_le_v4SPD16_eabi.lib</file>
         <name>memcpy_t2.asm.obj</name>
      </input_file>
      <input_file id="fl-dd">
         <path>C:\ti\ccs1031\ccs\tools\compiler\ti-cgt-arm_20.2.5.LTS\lib\</path>
         <kind>archive</kind>
         <file>rtsv7M4_T_le_v4SPD16_eabi.lib</file>
         <name>memset_t2.asm.obj</name>
      </input_file>
      <input_file id="fl-de">
         <path>C:\ti\ccs1031\ccs\tools\compiler\ti-cgt-arm_20.2.5.LTS\lib\</path>
         <kind>archive</kind>
         <file>rtsv7M4_T_le_v4SPD16_eabi.lib</file>
         <name>autoinit.c.obj</name>
      </input_file>
      <input_file id="fl-df">
         <path>C:\ti\ccs1031\ccs\tools\compiler\ti-cgt-arm_20.2.5.LTS\lib\</path>
         <kind>archive</kind>
         <file>rtsv7M4_T_le_v4SPD16_eabi.lib</file>
         <name>pre_init.c.obj</name>
      </input_file>
      <input_file id="fl-e0">
         <path>C:\ti\ccs1031\ccs\tools\compiler\ti-cgt-arm_20.2.5.LTS\lib\</path>
         <kind>archive</kind>
         <file>rtsv7M4_T_le_v4SPD16_eabi.lib</file>
         <name>cpy_tbl.c.obj</name>
      </input_file>
      <input_file id="fl-e1">
         <path>C:\ti\ccs1031\ccs\tools\compiler\ti-cgt-arm_20.2.5.LTS\lib\</path>
         <kind>archive</kind>
         <file>rtsv7M4_T_le_v4SPD16_eabi.lib</file>
         <name>exit.c.obj</name>
      </input_file>
      <input_file id="fl-e2">
         <path>C:\ti\ccs1031\ccs\tools\compiler\ti-cgt-arm_20.2.5.LTS\lib\</path>
         <kind>archive</kind>
         <file>rtsv7M4_T_le_v4SPD16_eabi.lib</file>
         <name>_lock.c.obj</name>
      </input_file>
      <input_file id="fl-e3">
         <path>C:\ti\ccs1031\ccs\tools\compiler\ti-cgt-arm_20.2.5.LTS\lib\</path>
         <kind>archive</kind>
         <file>rtsv7M4_T_le_v4SPD16_eabi.lib</file>
         <name>args_main.c.obj</name>
      </input_file>
   </input_file_list>
   <object_component_list>
      <object_component id="oc-12">
         <name>.intvecs</name>
         <load_address>0x0</load_address>
         <run_address>0x0</run_address>
         <size>0x26c</size>
         <input_file_ref idref="fl-8"/>
      </object_component>
      <object_component id="oc-2d">
         <name>.text</name>
         <load_address>0x26c</load_address>
         <run_address>0x26c</run_address>
         <size>0x6d0</size>
         <input_file_ref idref="fl-7"/>
      </object_component>
      <object_component id="oc-1b7">
         <name>.text</name>
         <load_address>0x93c</load_address>
         <run_address>0x93c</run_address>
         <size>0x45c</size>
         <input_file_ref idref="fl-2"/>
      </object_component>
      <object_component id="oc-c4">
         <name>.text</name>
         <load_address>0xd98</load_address>
         <run_address>0xd98</run_address>
         <size>0x458</size>
         <input_file_ref idref="fl-4"/>
      </object_component>
      <object_component id="oc-d5">
         <name>.text:atan</name>
         <load_address>0x11f0</load_address>
         <run_address>0x11f0</run_address>
         <size>0x2ec</size>
         <input_file_ref idref="fl-ce"/>
      </object_component>
      <object_component id="oc-ea">
         <name>.text</name>
         <load_address>0x14dc</load_address>
         <run_address>0x14dc</run_address>
         <size>0x284</size>
         <input_file_ref idref="fl-3"/>
      </object_component>
      <object_component id="oc-10a">
         <name>.text</name>
         <load_address>0x1760</load_address>
         <run_address>0x1760</run_address>
         <size>0x1f8</size>
         <input_file_ref idref="fl-5"/>
      </object_component>
      <object_component id="oc-cf">
         <name>.text:atan2</name>
         <load_address>0x1958</load_address>
         <run_address>0x1958</run_address>
         <size>0x1e4</size>
         <input_file_ref idref="fl-cc"/>
      </object_component>
      <object_component id="oc-74">
         <name>.text</name>
         <load_address>0x1b3c</load_address>
         <run_address>0x1b3c</run_address>
         <size>0x1b6</size>
         <input_file_ref idref="fl-cf"/>
      </object_component>
      <object_component id="oc-148">
         <name>.text</name>
         <load_address>0x1cf4</load_address>
         <run_address>0x1cf4</run_address>
         <size>0x19c</size>
         <input_file_ref idref="fl-6"/>
      </object_component>
      <object_component id="oc-83">
         <name>.text:sqrt</name>
         <load_address>0x1e90</load_address>
         <run_address>0x1e90</run_address>
         <size>0x158</size>
         <input_file_ref idref="fl-cd"/>
      </object_component>
      <object_component id="oc-7e">
         <name>.text</name>
         <load_address>0x1fe8</load_address>
         <run_address>0x1fe8</run_address>
         <size>0x136</size>
         <input_file_ref idref="fl-d1"/>
      </object_component>
      <object_component id="oc-2c1">
         <name>.text:GPIOPadConfigSet</name>
         <load_address>0x211e</load_address>
         <run_address>0x211e</run_address>
         <size>0x132</size>
         <input_file_ref idref="fl-10"/>
      </object_component>
      <object_component id="oc-1b0">
         <name>.text:SysCtlClockGet</name>
         <load_address>0x2250</load_address>
         <run_address>0x2250</run_address>
         <size>0x110</size>
         <input_file_ref idref="fl-13"/>
      </object_component>
      <object_component id="oc-79">
         <name>.text</name>
         <load_address>0x2360</load_address>
         <run_address>0x2360</run_address>
         <size>0xfc</size>
         <input_file_ref idref="fl-d2"/>
      </object_component>
      <object_component id="oc-213">
         <name>.text:SysCtlClockSet</name>
         <load_address>0x245c</load_address>
         <run_address>0x245c</run_address>
         <size>0xf4</size>
         <input_file_ref idref="fl-13"/>
      </object_component>
      <object_component id="oc-41">
         <name>.text</name>
         <load_address>0x2550</load_address>
         <run_address>0x2550</run_address>
         <size>0x9c</size>
         <input_file_ref idref="fl-dc"/>
      </object_component>
      <object_component id="oc-db">
         <name>.text:__aeabi_cdcmple</name>
         <load_address>0x25ec</load_address>
         <run_address>0x25ec</run_address>
         <size>0x86</size>
         <input_file_ref idref="fl-d0"/>
      </object_component>
      <object_component id="oc-e0">
         <name>.text:__aeabi_cdrcmple</name>
         <load_address>0x2672</load_address>
         <run_address>0x2672</run_address>
         <size>0x86</size>
         <input_file_ref idref="fl-d0"/>
      </object_component>
      <object_component id="oc-e5">
         <name>.text</name>
         <load_address>0x26f8</load_address>
         <run_address>0x26f8</run_address>
         <size>0x6e</size>
         <input_file_ref idref="fl-d4"/>
      </object_component>
      <object_component id="oc-a1">
         <name>.text:IntEnable</name>
         <load_address>0x2768</load_address>
         <run_address>0x2768</run_address>
         <size>0x68</size>
         <input_file_ref idref="fl-12"/>
      </object_component>
      <object_component id="oc-15">
         <name>.text:decompress:lzss:__TI_decompress_lzss</name>
         <load_address>0x27d0</load_address>
         <run_address>0x27d0</run_address>
         <size>0x68</size>
         <input_file_ref idref="fl-d9"/>
      </object_component>
      <object_component id="oc-8f">
         <name>.text:TimerConfigure</name>
         <load_address>0x2838</load_address>
         <run_address>0x2838</run_address>
         <size>0x60</size>
         <input_file_ref idref="fl-14"/>
      </object_component>
      <object_component id="oc-2a5">
         <name>.text:I2CMasterInitExpClk</name>
         <load_address>0x2898</load_address>
         <run_address>0x2898</run_address>
         <size>0x4c</size>
         <input_file_ref idref="fl-11"/>
      </object_component>
      <object_component id="oc-174">
         <name>.text:_TimerIntNumberGet</name>
         <load_address>0x28e4</load_address>
         <run_address>0x28e4</run_address>
         <size>0x4c</size>
         <input_file_ref idref="fl-14"/>
      </object_component>
      <object_component id="oc-1d1">
         <name>.text:GPIOPinConfigure</name>
         <load_address>0x2930</load_address>
         <run_address>0x2930</run_address>
         <size>0x48</size>
         <input_file_ref idref="fl-10"/>
      </object_component>
      <object_component id="oc-f5">
         <name>.text</name>
         <load_address>0x2978</load_address>
         <run_address>0x2978</run_address>
         <size>0x48</size>
         <input_file_ref idref="fl-d3"/>
      </object_component>
      <object_component id="oc-239">
         <name>.text:__TI_auto_init_nobinit_nopinit:__TI_auto_init_nobinit_nopinit</name>
         <load_address>0x29c0</load_address>
         <run_address>0x29c0</run_address>
         <size>0x44</size>
         <input_file_ref idref="fl-de"/>
      </object_component>
      <object_component id="oc-2ca">
         <name>.text:_UARTIntNumberGet</name>
         <load_address>0x2a04</load_address>
         <run_address>0x2a04</run_address>
         <size>0x40</size>
         <input_file_ref idref="fl-15"/>
      </object_component>
      <object_component id="oc-f0">
         <name>.text</name>
         <load_address>0x2a44</load_address>
         <run_address>0x2a44</run_address>
         <size>0x38</size>
         <input_file_ref idref="fl-d5"/>
      </object_component>
      <object_component id="oc-17a">
         <name>.text:IntRegister</name>
         <load_address>0x2a7c</load_address>
         <run_address>0x2a7c</run_address>
         <size>0x34</size>
         <input_file_ref idref="fl-12"/>
      </object_component>
      <object_component id="oc-89">
         <name>.text:SysCtlPeripheralEnable</name>
         <load_address>0x2ab0</load_address>
         <run_address>0x2ab0</run_address>
         <size>0x34</size>
         <input_file_ref idref="fl-13"/>
      </object_component>
      <object_component id="oc-5f">
         <name>.text:_c_int00_noargs:_c_int00_noargs</name>
         <load_address>0x2ae4</load_address>
         <run_address>0x2ae4</run_address>
         <size>0x34</size>
         <input_file_ref idref="fl-db"/>
      </object_component>
      <object_component id="oc-ca">
         <name>.text</name>
         <load_address>0x2b18</load_address>
         <run_address>0x2b18</run_address>
         <size>0x2e</size>
         <input_file_ref idref="fl-d6"/>
      </object_component>
      <object_component id="oc-2bb">
         <name>.text:GPIODirModeSet</name>
         <load_address>0x2b46</load_address>
         <run_address>0x2b46</run_address>
         <size>0x2a</size>
         <input_file_ref idref="fl-10"/>
      </object_component>
      <object_component id="oc-4d">
         <name>.text:decompress:ZI:__TI_zero_init_nomemset:__TI_zero_init_nomemset</name>
         <load_address>0x2b70</load_address>
         <run_address>0x2b70</run_address>
         <size>0x1c</size>
         <input_file_ref idref="fl-d7"/>
      </object_component>
      <object_component id="oc-9b">
         <name>.text:TimerIntRegister</name>
         <load_address>0x2b8c</load_address>
         <run_address>0x2b8c</run_address>
         <size>0x18</size>
         <input_file_ref idref="fl-14"/>
      </object_component>
      <object_component id="oc-1e3">
         <name>.text:UARTIntRegister</name>
         <load_address>0x2ba4</load_address>
         <run_address>0x2ba4</run_address>
         <size>0x18</size>
         <input_file_ref idref="fl-15"/>
      </object_component>
      <object_component id="oc-1ef">
         <name>.text:UARTEnable</name>
         <load_address>0x2bbc</load_address>
         <run_address>0x2bbc</run_address>
         <size>0x14</size>
         <input_file_ref idref="fl-15"/>
      </object_component>
      <object_component id="oc-29f">
         <name>.text:GPIOPinTypeI2C</name>
         <load_address>0x2bd0</load_address>
         <run_address>0x2bd0</run_address>
         <size>0x12</size>
         <input_file_ref idref="fl-10"/>
      </object_component>
      <object_component id="oc-299">
         <name>.text:GPIOPinTypeI2CSCL</name>
         <load_address>0x2be2</load_address>
         <run_address>0x2be2</run_address>
         <size>0x12</size>
         <input_file_ref idref="fl-10"/>
      </object_component>
      <object_component id="oc-1d7">
         <name>.text:GPIOPinTypeUART</name>
         <load_address>0x2bf4</load_address>
         <run_address>0x2bf4</run_address>
         <size>0x12</size>
         <input_file_ref idref="fl-10"/>
      </object_component>
      <object_component id="oc-95">
         <name>.text:TimerLoadSet</name>
         <load_address>0x2c06</load_address>
         <run_address>0x2c06</run_address>
         <size>0x12</size>
         <input_file_ref idref="fl-14"/>
      </object_component>
      <object_component id="oc-219">
         <name>.text:FPUEnable</name>
         <load_address>0x2c18</load_address>
         <run_address>0x2c18</run_address>
         <size>0x10</size>
         <input_file_ref idref="fl-f"/>
      </object_component>
      <object_component id="oc-21f">
         <name>.text:FPULazyStackingEnable</name>
         <load_address>0x2c28</load_address>
         <run_address>0x2c28</run_address>
         <size>0x10</size>
         <input_file_ref idref="fl-f"/>
      </object_component>
      <object_component id="oc-225">
         <name>.text:IntMasterEnable</name>
         <load_address>0x2c38</load_address>
         <run_address>0x2c38</run_address>
         <size>0x10</size>
         <input_file_ref idref="fl-12"/>
      </object_component>
      <object_component id="oc-b3">
         <name>.text:TimerEnable</name>
         <load_address>0x2c48</load_address>
         <run_address>0x2c48</run_address>
         <size>0xe</size>
         <input_file_ref idref="fl-14"/>
      </object_component>
      <object_component id="oc-1f5">
         <name>.text:UARTCharPutNonBlocking</name>
         <load_address>0x2c56</load_address>
         <run_address>0x2c56</run_address>
         <size>0xe</size>
         <input_file_ref idref="fl-15"/>
      </object_component>
      <object_component id="oc-1b">
         <name>.text:decompress:none:__TI_decompress_none</name>
         <load_address>0x2c64</load_address>
         <run_address>0x2c64</run_address>
         <size>0xe</size>
         <input_file_ref idref="fl-d8"/>
      </object_component>
      <object_component id="oc-2db">
         <name>.text:CPUcpsie</name>
         <load_address>0x2c72</load_address>
         <run_address>0x2c72</run_address>
         <size>0xc</size>
         <input_file_ref idref="fl-16"/>
      </object_component>
      <object_component id="oc-27">
         <name>.text</name>
         <load_address>0x2c7e</load_address>
         <run_address>0x2c7e</run_address>
         <size>0xc</size>
         <input_file_ref idref="fl-8"/>
      </object_component>
      <object_component id="oc-312">
         <name>.text:I2CMasterEnable</name>
         <load_address>0x2c8a</load_address>
         <run_address>0x2c8a</run_address>
         <size>0xa</size>
         <input_file_ref idref="fl-11"/>
      </object_component>
      <object_component id="oc-1a4">
         <name>.text:I2CMasterBusy</name>
         <load_address>0x2c94</load_address>
         <run_address>0x2c94</run_address>
         <size>0x8</size>
         <input_file_ref idref="fl-11"/>
      </object_component>
      <object_component id="oc-192">
         <name>.text:I2CMasterSlaveAddrSet</name>
         <load_address>0x2c9c</load_address>
         <run_address>0x2c9c</run_address>
         <size>0x8</size>
         <input_file_ref idref="fl-11"/>
      </object_component>
      <object_component id="oc-a7">
         <name>.text:TimerIntEnable</name>
         <load_address>0x2ca4</load_address>
         <run_address>0x2ca4</run_address>
         <size>0x8</size>
         <input_file_ref idref="fl-14"/>
      </object_component>
      <object_component id="oc-1e9">
         <name>.text:UARTIntEnable</name>
         <load_address>0x2cac</load_address>
         <run_address>0x2cac</run_address>
         <size>0x8</size>
         <input_file_ref idref="fl-15"/>
      </object_component>
      <object_component id="oc-15d">
         <name>.text:__aeabi_errno_addr</name>
         <load_address>0x2cb4</load_address>
         <run_address>0x2cb4</run_address>
         <size>0x8</size>
         <input_file_ref idref="fl-da"/>
      </object_component>
      <object_component id="oc-1b6">
         <name>.text:SysCtlDelay</name>
         <load_address>0x2cbc</load_address>
         <run_address>0x2cbc</run_address>
         <size>0x6</size>
         <input_file_ref idref="fl-13"/>
      </object_component>
      <object_component id="oc-1dd">
         <name>.text:UARTClockSourceSet</name>
         <load_address>0x2cc2</load_address>
         <run_address>0x2cc2</run_address>
         <size>0x6</size>
         <input_file_ref idref="fl-15"/>
      </object_component>
      <object_component id="oc-19e">
         <name>.text:I2CMasterControl</name>
         <load_address>0x2cc8</load_address>
         <run_address>0x2cc8</run_address>
         <size>0x4</size>
         <input_file_ref idref="fl-11"/>
      </object_component>
      <object_component id="oc-1aa">
         <name>.text:I2CMasterDataGet</name>
         <load_address>0x2ccc</load_address>
         <run_address>0x2ccc</run_address>
         <size>0x4</size>
         <input_file_ref idref="fl-11"/>
      </object_component>
      <object_component id="oc-198">
         <name>.text:I2CMasterDataPut</name>
         <load_address>0x2cd0</load_address>
         <run_address>0x2cd0</run_address>
         <size>0x4</size>
         <input_file_ref idref="fl-11"/>
      </object_component>
      <object_component id="oc-ad">
         <name>.text:TimerIntClear</name>
         <load_address>0x2cd4</load_address>
         <run_address>0x2cd4</run_address>
         <size>0x4</size>
         <input_file_ref idref="fl-14"/>
      </object_component>
      <object_component id="oc-142">
         <name>.text:_system_pre_init</name>
         <load_address>0x2cd8</load_address>
         <run_address>0x2cd8</run_address>
         <size>0x4</size>
         <input_file_ref idref="fl-df"/>
      </object_component>
      <object_component id="oc-22d">
         <name>.text:abort:abort</name>
         <load_address>0x2cdc</load_address>
         <run_address>0x2cdc</run_address>
         <size>0x4</size>
         <input_file_ref idref="fl-e1"/>
      </object_component>
      <object_component id="oc-1c2">
         <name>.const:$O1$$</name>
         <load_address>0x2ce0</load_address>
         <run_address>0x2ce0</run_address>
         <size>0x98</size>
         <input_file_ref idref="fl-ce"/>
      </object_component>
      <object_component id="oc-2b6">
         <name>.const:g_pui32GPIOBaseAddrs</name>
         <load_address>0x2d78</load_address>
         <run_address>0x2d78</run_address>
         <size>0x90</size>
         <input_file_ref idref="fl-10"/>
      </object_component>
      <object_component id="oc-181">
         <name>.const</name>
         <load_address>0x2e08</load_address>
         <run_address>0x2e08</run_address>
         <size>0x70</size>
         <input_file_ref idref="fl-12"/>
      </object_component>
      <object_component id="oc-295">
         <name>.const:g_pui32Xtals</name>
         <load_address>0x2e78</load_address>
         <run_address>0x2e78</run_address>
         <size>0x6c</size>
         <input_file_ref idref="fl-13"/>
      </object_component>
      <object_component id="oc-280">
         <name>.const:g_ppui32TimerIntMap</name>
         <load_address>0x2ee4</load_address>
         <run_address>0x2ee4</run_address>
         <size>0x60</size>
         <input_file_ref idref="fl-14"/>
      </object_component>
      <object_component id="oc-283">
         <name>.const:g_ppui32TimerIntMapSnowflake</name>
         <load_address>0x2f44</load_address>
         <run_address>0x2f44</run_address>
         <size>0x40</size>
         <input_file_ref idref="fl-14"/>
      </object_component>
      <object_component id="oc-323">
         <name>.const:g_ppui32UARTIntMap</name>
         <load_address>0x2f84</load_address>
         <run_address>0x2f84</run_address>
         <size>0x40</size>
         <input_file_ref idref="fl-15"/>
      </object_component>
      <object_component id="oc-326">
         <name>.const:g_ppui32UARTIntMapSnowflake</name>
         <load_address>0x2fc4</load_address>
         <run_address>0x2fc4</run_address>
         <size>0x40</size>
         <input_file_ref idref="fl-15"/>
      </object_component>
      <object_component id="oc-38c">
         <name>.cinit..data.load</name>
         <load_address>0x3008</load_address>
         <run_address>0x3008</run_address>
         <size>0x10</size>
      </object_component>
      <object_component id="oc-389">
         <name>__TI_handler_table</name>
         <load_address>0x3018</load_address>
         <run_address>0x3018</run_address>
         <size>0xc</size>
      </object_component>
      <object_component id="oc-38d">
         <name>.cinit..bss.load</name>
         <load_address>0x3028</load_address>
         <run_address>0x3028</run_address>
         <size>0x8</size>
      </object_component>
      <object_component id="oc-38b">
         <name>.cinit..vtable.load</name>
         <load_address>0x3030</load_address>
         <run_address>0x3030</run_address>
         <size>0x8</size>
      </object_component>
      <object_component id="oc-38a">
         <name>__TI_cinit_table</name>
         <load_address>0x3038</load_address>
         <run_address>0x3038</run_address>
         <size>0x18</size>
      </object_component>
      <object_component id="oc-287">
         <name>.vtable</name>
         <uninitialized>true</uninitialized>
         <run_address>0x20000000</run_address>
         <size>0x26c</size>
         <input_file_ref idref="fl-12"/>
      </object_component>
      <object_component id="oc-fa">
         <name>.data</name>
         <load_address>0x20000554</load_address>
         <run_address>0x20000554</run_address>
         <size>0x1</size>
         <input_file_ref idref="fl-6"/>
      </object_component>
      <object_component id="oc-b9">
         <name>.data</name>
         <load_address>0x20000530</load_address>
         <run_address>0x20000530</run_address>
         <size>0x20</size>
         <input_file_ref idref="fl-7"/>
      </object_component>
      <object_component id="oc-26b">
         <name>.data</name>
         <load_address>0x20000550</load_address>
         <run_address>0x20000550</run_address>
         <size>0x4</size>
         <input_file_ref idref="fl-da"/>
      </object_component>
      <object_component id="oc-101">
         <name>.common:AccelX</name>
         <uninitialized>true</uninitialized>
         <run_address>0x20000524</run_address>
         <size>0x2</size>
      </object_component>
      <object_component id="oc-102">
         <name>.common:AccelY</name>
         <uninitialized>true</uninitialized>
         <run_address>0x20000526</run_address>
         <size>0x2</size>
      </object_component>
      <object_component id="oc-103">
         <name>.common:AccelZ</name>
         <uninitialized>true</uninitialized>
         <run_address>0x20000528</run_address>
         <size>0x2</size>
      </object_component>
      <object_component id="oc-104">
         <name>.common:GyroX</name>
         <uninitialized>true</uninitialized>
         <run_address>0x2000052a</run_address>
         <size>0x2</size>
      </object_component>
      <object_component id="oc-fd">
         <name>.common:GyroY</name>
         <uninitialized>true</uninitialized>
         <run_address>0x2000052c</run_address>
         <size>0x2</size>
      </object_component>
      <object_component id="oc-100">
         <name>.common:GyroZ</name>
         <uninitialized>true</uninitialized>
         <run_address>0x2000052e</run_address>
         <size>0x2</size>
      </object_component>
      <object_component id="oc-109">
         <name>.common:gyroRoll</name>
         <uninitialized>true</uninitialized>
         <run_address>0x20000520</run_address>
         <size>0x4</size>
      </object_component>
      <object_component id="oc-22b">
         <name>.common:gyroPitch</name>
         <uninitialized>true</uninitialized>
         <run_address>0x2000051c</run_address>
         <size>0x4</size>
      </object_component>
      <object_component id="oc-108">
         <name>.common:compRoll</name>
         <uninitialized>true</uninitialized>
         <run_address>0x20000514</run_address>
         <size>0x4</size>
      </object_component>
      <object_component id="oc-113">
         <name>.common:compPitch</name>
         <uninitialized>true</uninitialized>
         <run_address>0x20000510</run_address>
         <size>0x4</size>
      </object_component>
      <object_component id="oc-114">
         <name>.common:compYaw</name>
         <uninitialized>true</uninitialized>
         <run_address>0x20000518</run_address>
         <size>0x4</size>
      </object_component>
      <object_component id="oc-110">
         <name>.common:kalRoll</name>
         <uninitialized>true</uninitialized>
         <run_address>0x200004e0</run_address>
         <size>0x8</size>
      </object_component>
      <object_component id="oc-111">
         <name>.common:kalPitch</name>
         <uninitialized>true</uninitialized>
         <run_address>0x200004d8</run_address>
         <size>0x8</size>
      </object_component>
      <object_component id="oc-107">
         <name>.common:RollKalman</name>
         <uninitialized>true</uninitialized>
         <run_address>0x20000498</run_address>
         <size>0x28</size>
      </object_component>
      <object_component id="oc-112">
         <name>.common:PitchKalman</name>
         <uninitialized>true</uninitialized>
         <run_address>0x20000470</run_address>
         <size>0x28</size>
      </object_component>
      <object_component id="oc-105">
         <name>.common:roll</name>
         <uninitialized>true</uninitialized>
         <run_address>0x20000508</run_address>
         <size>0x8</size>
      </object_component>
      <object_component id="oc-106">
         <name>.common:pitch</name>
         <uninitialized>true</uninitialized>
         <run_address>0x200004e8</run_address>
         <size>0x8</size>
      </object_component>
      <object_component id="oc-bc">
         <name>.common:err_sumsquare1</name>
         <uninitialized>true</uninitialized>
         <run_address>0x200004c0</run_address>
         <size>0x8</size>
      </object_component>
      <object_component id="oc-c0">
         <name>.common:err_sumsquare2</name>
         <uninitialized>true</uninitialized>
         <run_address>0x200004c8</run_address>
         <size>0x8</size>
      </object_component>
      <object_component id="oc-c2">
         <name>.common:err_sumsquare3</name>
         <uninitialized>true</uninitialized>
         <run_address>0x200004d0</run_address>
         <size>0x8</size>
      </object_component>
      <object_component id="oc-bf">
         <name>.common:rms1</name>
         <uninitialized>true</uninitialized>
         <run_address>0x200004f0</run_address>
         <size>0x8</size>
      </object_component>
      <object_component id="oc-c1">
         <name>.common:rms2</name>
         <uninitialized>true</uninitialized>
         <run_address>0x200004f8</run_address>
         <size>0x8</size>
      </object_component>
      <object_component id="oc-c3">
         <name>.common:rms3</name>
         <uninitialized>true</uninitialized>
         <run_address>0x20000500</run_address>
         <size>0x8</size>
      </object_component>
      <object_component id="oc-24">
         <name>.stack</name>
         <uninitialized>true</uninitialized>
         <run_address>0x20000270</run_address>
         <size>0x4</size>
         <input_file_ref idref="fl-db"/>
      </object_component>
      <object_component id="oc-38f">
         <name>.stack</name>
         <uninitialized>true</uninitialized>
         <run_address>0x20000270</run_address>
         <size>0x0</size>
      </object_component>
      <object_component id="oc-202">
         <name>.debug_info</name>
         <load_address>0x0</load_address>
         <run_address>0x0</run_address>
         <size>0x410</size>
         <input_file_ref idref="fl-2"/>
      </object_component>
      <object_component id="oc-1b8">
         <name>.debug_info</name>
         <load_address>0x410</load_address>
         <run_address>0x410</run_address>
         <size>0x74a</size>
         <input_file_ref idref="fl-2"/>
      </object_component>
      <object_component id="oc-122">
         <name>.debug_info</name>
         <load_address>0xb5a</load_address>
         <run_address>0xb5a</run_address>
         <size>0x26b</size>
         <input_file_ref idref="fl-2"/>
      </object_component>
      <object_component id="oc-18d">
         <name>.debug_info</name>
         <load_address>0xdc5</load_address>
         <run_address>0xdc5</run_address>
         <size>0xc2</size>
         <input_file_ref idref="fl-2"/>
      </object_component>
      <object_component id="oc-116">
         <name>.debug_info</name>
         <load_address>0xe87</load_address>
         <run_address>0xe87</run_address>
         <size>0x8b</size>
         <input_file_ref idref="fl-2"/>
      </object_component>
      <object_component id="oc-1fd">
         <name>.debug_info</name>
         <load_address>0xf12</load_address>
         <run_address>0xf12</run_address>
         <size>0x2a4</size>
         <input_file_ref idref="fl-2"/>
      </object_component>
      <object_component id="oc-11b">
         <name>.debug_info</name>
         <load_address>0x11b6</load_address>
         <run_address>0x11b6</run_address>
         <size>0xbb</size>
         <input_file_ref idref="fl-2"/>
      </object_component>
      <object_component id="oc-1ca">
         <name>.debug_info</name>
         <load_address>0x1271</load_address>
         <run_address>0x1271</run_address>
         <size>0x29b</size>
         <input_file_ref idref="fl-3"/>
      </object_component>
      <object_component id="oc-eb">
         <name>.debug_info</name>
         <load_address>0x150c</load_address>
         <run_address>0x150c</run_address>
         <size>0x76d</size>
         <input_file_ref idref="fl-3"/>
      </object_component>
      <object_component id="oc-3c">
         <name>.debug_info</name>
         <load_address>0x1c79</load_address>
         <run_address>0x1c79</run_address>
         <size>0x84</size>
         <input_file_ref idref="fl-3"/>
      </object_component>
      <object_component id="oc-1be">
         <name>.debug_info</name>
         <load_address>0x1cfd</load_address>
         <run_address>0x1cfd</run_address>
         <size>0x4f9</size>
         <input_file_ref idref="fl-4"/>
      </object_component>
      <object_component id="oc-c6">
         <name>.debug_info</name>
         <load_address>0x21f6</load_address>
         <run_address>0x21f6</run_address>
         <size>0xd35</size>
         <input_file_ref idref="fl-4"/>
      </object_component>
      <object_component id="oc-1fc">
         <name>.debug_info</name>
         <load_address>0x2f2b</load_address>
         <run_address>0x2f2b</run_address>
         <size>0x4c3</size>
         <input_file_ref idref="fl-5"/>
      </object_component>
      <object_component id="oc-10b">
         <name>.debug_info</name>
         <load_address>0x33ee</load_address>
         <run_address>0x33ee</run_address>
         <size>0x6d5</size>
         <input_file_ref idref="fl-5"/>
      </object_component>
      <object_component id="oc-fe">
         <name>.debug_info</name>
         <load_address>0x3ac3</load_address>
         <run_address>0x3ac3</run_address>
         <size>0x704</size>
         <input_file_ref idref="fl-6"/>
      </object_component>
      <object_component id="oc-fb">
         <name>.debug_info</name>
         <load_address>0x41c7</load_address>
         <run_address>0x41c7</run_address>
         <size>0xf4</size>
         <input_file_ref idref="fl-6"/>
      </object_component>
      <object_component id="oc-149">
         <name>.debug_info</name>
         <load_address>0x42bb</load_address>
         <run_address>0x42bb</run_address>
         <size>0x350</size>
         <input_file_ref idref="fl-6"/>
      </object_component>
      <object_component id="oc-bd">
         <name>.debug_info</name>
         <load_address>0x460b</load_address>
         <run_address>0x460b</run_address>
         <size>0x84d</size>
         <input_file_ref idref="fl-7"/>
      </object_component>
      <object_component id="oc-ba">
         <name>.debug_info</name>
         <load_address>0x4e58</load_address>
         <run_address>0x4e58</run_address>
         <size>0x134</size>
         <input_file_ref idref="fl-7"/>
      </object_component>
      <object_component id="oc-2f">
         <name>.debug_info</name>
         <load_address>0x4f8c</load_address>
         <run_address>0x4f8c</run_address>
         <size>0xc76</size>
         <input_file_ref idref="fl-7"/>
      </object_component>
      <object_component id="oc-35">
         <name>.debug_info</name>
         <load_address>0x5c02</load_address>
         <run_address>0x5c02</run_address>
         <size>0x318</size>
         <input_file_ref idref="fl-8"/>
      </object_component>
      <object_component id="oc-13">
         <name>.debug_info</name>
         <load_address>0x5f1a</load_address>
         <run_address>0x5f1a</run_address>
         <size>0xf9</size>
         <input_file_ref idref="fl-8"/>
      </object_component>
      <object_component id="oc-28">
         <name>.debug_info</name>
         <load_address>0x6013</load_address>
         <run_address>0x6013</run_address>
         <size>0x20e</size>
         <input_file_ref idref="fl-8"/>
      </object_component>
      <object_component id="oc-220">
         <name>.debug_info</name>
         <load_address>0x6221</load_address>
         <run_address>0x6221</run_address>
         <size>0x225</size>
         <input_file_ref idref="fl-f"/>
      </object_component>
      <object_component id="oc-21a">
         <name>.debug_info</name>
         <load_address>0x6446</load_address>
         <run_address>0x6446</run_address>
         <size>0x20d</size>
         <input_file_ref idref="fl-f"/>
      </object_component>
      <object_component id="oc-16b">
         <name>.debug_info</name>
         <load_address>0x6653</load_address>
         <run_address>0x6653</run_address>
         <size>0x18b</size>
         <input_file_ref idref="fl-f"/>
      </object_component>
      <object_component id="oc-2ba">
         <name>.debug_info</name>
         <load_address>0x67de</load_address>
         <run_address>0x67de</run_address>
         <size>0x240</size>
         <input_file_ref idref="fl-10"/>
      </object_component>
      <object_component id="oc-2b7">
         <name>.debug_info</name>
         <load_address>0x6a1e</load_address>
         <run_address>0x6a1e</run_address>
         <size>0x15b</size>
         <input_file_ref idref="fl-10"/>
      </object_component>
      <object_component id="oc-2bd">
         <name>.debug_info</name>
         <load_address>0x6b79</load_address>
         <run_address>0x6b79</run_address>
         <size>0x2b3</size>
         <input_file_ref idref="fl-10"/>
      </object_component>
      <object_component id="oc-2c3">
         <name>.debug_info</name>
         <load_address>0x6e2c</load_address>
         <run_address>0x6e2c</run_address>
         <size>0x316</size>
         <input_file_ref idref="fl-10"/>
      </object_component>
      <object_component id="oc-1d9">
         <name>.debug_info</name>
         <load_address>0x7142</load_address>
         <run_address>0x7142</run_address>
         <size>0x27b</size>
         <input_file_ref idref="fl-10"/>
      </object_component>
      <object_component id="oc-29b">
         <name>.debug_info</name>
         <load_address>0x73bd</load_address>
         <run_address>0x73bd</run_address>
         <size>0x27f</size>
         <input_file_ref idref="fl-10"/>
      </object_component>
      <object_component id="oc-2a1">
         <name>.debug_info</name>
         <load_address>0x763c</load_address>
         <run_address>0x763c</run_address>
         <size>0x279</size>
         <input_file_ref idref="fl-10"/>
      </object_component>
      <object_component id="oc-1d3">
         <name>.debug_info</name>
         <load_address>0x78b5</load_address>
         <run_address>0x78b5</run_address>
         <size>0x280</size>
         <input_file_ref idref="fl-10"/>
      </object_component>
      <object_component id="oc-290">
         <name>.debug_info</name>
         <load_address>0x7b35</load_address>
         <run_address>0x7b35</run_address>
         <size>0x231</size>
         <input_file_ref idref="fl-11"/>
      </object_component>
      <object_component id="oc-195">
         <name>.debug_info</name>
         <load_address>0x7d66</load_address>
         <run_address>0x7d66</run_address>
         <size>0x2ce</size>
         <input_file_ref idref="fl-11"/>
      </object_component>
      <object_component id="oc-315">
         <name>.debug_info</name>
         <load_address>0x8034</load_address>
         <run_address>0x8034</run_address>
         <size>0x24e</size>
         <input_file_ref idref="fl-11"/>
      </object_component>
      <object_component id="oc-2a8">
         <name>.debug_info</name>
         <load_address>0x8282</load_address>
         <run_address>0x8282</run_address>
         <size>0x2d5</size>
         <input_file_ref idref="fl-11"/>
      </object_component>
      <object_component id="oc-199">
         <name>.debug_info</name>
         <load_address>0x8557</load_address>
         <run_address>0x8557</run_address>
         <size>0x27e</size>
         <input_file_ref idref="fl-11"/>
      </object_component>
      <object_component id="oc-1ab">
         <name>.debug_info</name>
         <load_address>0x87d5</load_address>
         <run_address>0x87d5</run_address>
         <size>0x254</size>
         <input_file_ref idref="fl-11"/>
      </object_component>
      <object_component id="oc-19f">
         <name>.debug_info</name>
         <load_address>0x8a29</load_address>
         <run_address>0x8a29</run_address>
         <size>0x27e</size>
         <input_file_ref idref="fl-11"/>
      </object_component>
      <object_component id="oc-1a5">
         <name>.debug_info</name>
         <load_address>0x8ca7</load_address>
         <run_address>0x8ca7</run_address>
         <size>0x24e</size>
         <input_file_ref idref="fl-11"/>
      </object_component>
      <object_component id="oc-185">
         <name>.debug_info</name>
         <load_address>0x8ef5</load_address>
         <run_address>0x8ef5</run_address>
         <size>0x20e</size>
         <input_file_ref idref="fl-12"/>
      </object_component>
      <object_component id="oc-182">
         <name>.debug_info</name>
         <load_address>0x9103</load_address>
         <run_address>0x9103</run_address>
         <size>0x210</size>
         <input_file_ref idref="fl-12"/>
      </object_component>
      <object_component id="oc-288">
         <name>.debug_info</name>
         <load_address>0x9313</load_address>
         <run_address>0x9313</run_address>
         <size>0x157</size>
         <input_file_ref idref="fl-12"/>
      </object_component>
      <object_component id="oc-17c">
         <name>.debug_info</name>
         <load_address>0x946a</load_address>
         <run_address>0x946a</run_address>
         <size>0x2c1</size>
         <input_file_ref idref="fl-12"/>
      </object_component>
      <object_component id="oc-229">
         <name>.debug_info</name>
         <load_address>0x972b</load_address>
         <run_address>0x972b</run_address>
         <size>0x23e</size>
         <input_file_ref idref="fl-12"/>
      </object_component>
      <object_component id="oc-a4">
         <name>.debug_info</name>
         <load_address>0x9969</load_address>
         <run_address>0x9969</run_address>
         <size>0x268</size>
         <input_file_ref idref="fl-12"/>
      </object_component>
      <object_component id="oc-170">
         <name>.debug_info</name>
         <load_address>0x9bd1</load_address>
         <run_address>0x9bd1</run_address>
         <size>0x298</size>
         <input_file_ref idref="fl-13"/>
      </object_component>
      <object_component id="oc-296">
         <name>.debug_info</name>
         <load_address>0x9e69</load_address>
         <run_address>0x9e69</run_address>
         <size>0x14d</size>
         <input_file_ref idref="fl-13"/>
      </object_component>
      <object_component id="oc-8b">
         <name>.debug_info</name>
         <load_address>0x9fb6</load_address>
         <run_address>0x9fb6</run_address>
         <size>0x27d</size>
         <input_file_ref idref="fl-13"/>
      </object_component>
      <object_component id="oc-214">
         <name>.debug_info</name>
         <load_address>0xa233</load_address>
         <run_address>0xa233</run_address>
         <size>0x2db</size>
         <input_file_ref idref="fl-13"/>
      </object_component>
      <object_component id="oc-1b1">
         <name>.debug_info</name>
         <load_address>0xa50e</load_address>
         <run_address>0xa50e</run_address>
         <size>0x2b5</size>
         <input_file_ref idref="fl-13"/>
      </object_component>
      <object_component id="oc-279">
         <name>.debug_info</name>
         <load_address>0xa7c3</load_address>
         <run_address>0xa7c3</run_address>
         <size>0x5f</size>
         <input_file_ref idref="fl-13"/>
      </object_component>
      <object_component id="oc-172">
         <name>.debug_info</name>
         <load_address>0xa822</load_address>
         <run_address>0xa822</run_address>
         <size>0x223</size>
         <input_file_ref idref="fl-14"/>
      </object_component>
      <object_component id="oc-281">
         <name>.debug_info</name>
         <load_address>0xaa45</load_address>
         <run_address>0xaa45</run_address>
         <size>0x15a</size>
         <input_file_ref idref="fl-14"/>
      </object_component>
      <object_component id="oc-284">
         <name>.debug_info</name>
         <load_address>0xab9f</load_address>
         <run_address>0xab9f</run_address>
         <size>0x16c</size>
         <input_file_ref idref="fl-14"/>
      </object_component>
      <object_component id="oc-96">
         <name>.debug_info</name>
         <load_address>0xad0b</load_address>
         <run_address>0xad0b</run_address>
         <size>0x2ba</size>
         <input_file_ref idref="fl-14"/>
      </object_component>
      <object_component id="oc-175">
         <name>.debug_info</name>
         <load_address>0xafc5</load_address>
         <run_address>0xafc5</run_address>
         <size>0x2eb</size>
         <input_file_ref idref="fl-14"/>
      </object_component>
      <object_component id="oc-9c">
         <name>.debug_info</name>
         <load_address>0xb2b0</load_address>
         <run_address>0xb2b0</run_address>
         <size>0x2e4</size>
         <input_file_ref idref="fl-14"/>
      </object_component>
      <object_component id="oc-a8">
         <name>.debug_info</name>
         <load_address>0xb594</load_address>
         <run_address>0xb594</run_address>
         <size>0x294</size>
         <input_file_ref idref="fl-14"/>
      </object_component>
      <object_component id="oc-ae">
         <name>.debug_info</name>
         <load_address>0xb828</load_address>
         <run_address>0xb828</run_address>
         <size>0x292</size>
         <input_file_ref idref="fl-14"/>
      </object_component>
      <object_component id="oc-b4">
         <name>.debug_info</name>
         <load_address>0xbaba</load_address>
         <run_address>0xbaba</run_address>
         <size>0x27f</size>
         <input_file_ref idref="fl-14"/>
      </object_component>
      <object_component id="oc-90">
         <name>.debug_info</name>
         <load_address>0xbd39</load_address>
         <run_address>0xbd39</run_address>
         <size>0x28c</size>
         <input_file_ref idref="fl-14"/>
      </object_component>
      <object_component id="oc-2c9">
         <name>.debug_info</name>
         <load_address>0xbfc5</load_address>
         <run_address>0xbfc5</run_address>
         <size>0x227</size>
         <input_file_ref idref="fl-15"/>
      </object_component>
      <object_component id="oc-324">
         <name>.debug_info</name>
         <load_address>0xc1ec</load_address>
         <run_address>0xc1ec</run_address>
         <size>0x157</size>
         <input_file_ref idref="fl-15"/>
      </object_component>
      <object_component id="oc-327">
         <name>.debug_info</name>
         <load_address>0xc343</load_address>
         <run_address>0xc343</run_address>
         <size>0x169</size>
         <input_file_ref idref="fl-15"/>
      </object_component>
      <object_component id="oc-2cb">
         <name>.debug_info</name>
         <load_address>0xc4ac</load_address>
         <run_address>0xc4ac</run_address>
         <size>0x27e</size>
         <input_file_ref idref="fl-15"/>
      </object_component>
      <object_component id="oc-1e4">
         <name>.debug_info</name>
         <load_address>0xc72a</load_address>
         <run_address>0xc72a</run_address>
         <size>0x2c3</size>
         <input_file_ref idref="fl-15"/>
      </object_component>
      <object_component id="oc-1ea">
         <name>.debug_info</name>
         <load_address>0xc9ed</load_address>
         <run_address>0xc9ed</run_address>
         <size>0x28f</size>
         <input_file_ref idref="fl-15"/>
      </object_component>
      <object_component id="oc-1f0">
         <name>.debug_info</name>
         <load_address>0xcc7c</load_address>
         <run_address>0xcc7c</run_address>
         <size>0x247</size>
         <input_file_ref idref="fl-15"/>
      </object_component>
      <object_component id="oc-1de">
         <name>.debug_info</name>
         <load_address>0xcec3</load_address>
         <run_address>0xcec3</run_address>
         <size>0x291</size>
         <input_file_ref idref="fl-15"/>
      </object_component>
      <object_component id="oc-1f6">
         <name>.debug_info</name>
         <load_address>0xd154</load_address>
         <run_address>0xd154</run_address>
         <size>0x28d</size>
         <input_file_ref idref="fl-15"/>
      </object_component>
      <object_component id="oc-2dd">
         <name>.debug_info</name>
         <load_address>0xd3e1</load_address>
         <run_address>0xd3e1</run_address>
         <size>0x212</size>
         <input_file_ref idref="fl-16"/>
      </object_component>
      <object_component id="oc-1c1">
         <name>.debug_info</name>
         <load_address>0xd5f3</load_address>
         <run_address>0xd5f3</run_address>
         <size>0x2a9</size>
         <input_file_ref idref="fl-cc"/>
      </object_component>
      <object_component id="oc-d0">
         <name>.debug_info</name>
         <load_address>0xd89c</load_address>
         <run_address>0xd89c</run_address>
         <size>0x247</size>
         <input_file_ref idref="fl-cc"/>
      </object_component>
      <object_component id="oc-270">
         <name>.debug_info</name>
         <load_address>0xdae3</load_address>
         <run_address>0xdae3</run_address>
         <size>0x46</size>
         <input_file_ref idref="fl-cc"/>
      </object_component>
      <object_component id="oc-164">
         <name>.debug_info</name>
         <load_address>0xdb29</load_address>
         <run_address>0xdb29</run_address>
         <size>0x39</size>
         <input_file_ref idref="fl-cc"/>
      </object_component>
      <object_component id="oc-169">
         <name>.debug_info</name>
         <load_address>0xdb62</load_address>
         <run_address>0xdb62</run_address>
         <size>0x2c5</size>
         <input_file_ref idref="fl-cd"/>
      </object_component>
      <object_component id="oc-84">
         <name>.debug_info</name>
         <load_address>0xde27</load_address>
         <run_address>0xde27</run_address>
         <size>0x24e</size>
         <input_file_ref idref="fl-cd"/>
      </object_component>
      <object_component id="oc-2b2">
         <name>.debug_info</name>
         <load_address>0xe075</load_address>
         <run_address>0xe075</run_address>
         <size>0x2f2</size>
         <input_file_ref idref="fl-ce"/>
      </object_component>
      <object_component id="oc-1c3">
         <name>.debug_info</name>
         <load_address>0xe367</load_address>
         <run_address>0xe367</run_address>
         <size>0x131</size>
         <input_file_ref idref="fl-ce"/>
      </object_component>
      <object_component id="oc-d6">
         <name>.debug_info</name>
         <load_address>0xe498</load_address>
         <run_address>0xe498</run_address>
         <size>0x4ac</size>
         <input_file_ref idref="fl-ce"/>
      </object_component>
      <object_component id="oc-77">
         <name>.debug_info</name>
         <load_address>0xe944</load_address>
         <run_address>0xe944</run_address>
         <size>0x14c</size>
         <input_file_ref idref="fl-cf"/>
      </object_component>
      <object_component id="oc-dd">
         <name>.debug_info</name>
         <load_address>0xea90</load_address>
         <run_address>0xea90</run_address>
         <size>0x128</size>
         <input_file_ref idref="fl-d0"/>
      </object_component>
      <object_component id="oc-e2">
         <name>.debug_info</name>
         <load_address>0xebb8</load_address>
         <run_address>0xebb8</run_address>
         <size>0x12a</size>
         <input_file_ref idref="fl-d0"/>
      </object_component>
      <object_component id="oc-80">
         <name>.debug_info</name>
         <load_address>0xece2</load_address>
         <run_address>0xece2</run_address>
         <size>0x13a</size>
         <input_file_ref idref="fl-d1"/>
      </object_component>
      <object_component id="oc-7a">
         <name>.debug_info</name>
         <load_address>0xee1c</load_address>
         <run_address>0xee1c</run_address>
         <size>0x13a</size>
         <input_file_ref idref="fl-d2"/>
      </object_component>
      <object_component id="oc-f6">
         <name>.debug_info</name>
         <load_address>0xef56</load_address>
         <run_address>0xef56</run_address>
         <size>0x12e</size>
         <input_file_ref idref="fl-d3"/>
      </object_component>
      <object_component id="oc-e8">
         <name>.debug_info</name>
         <load_address>0xf084</load_address>
         <run_address>0xf084</run_address>
         <size>0x13e</size>
         <input_file_ref idref="fl-d4"/>
      </object_component>
      <object_component id="oc-f1">
         <name>.debug_info</name>
         <load_address>0xf1c2</load_address>
         <run_address>0xf1c2</run_address>
         <size>0x12c</size>
         <input_file_ref idref="fl-d5"/>
      </object_component>
      <object_component id="oc-cd">
         <name>.debug_info</name>
         <load_address>0xf2ee</load_address>
         <run_address>0xf2ee</run_address>
         <size>0x12c</size>
         <input_file_ref idref="fl-d6"/>
      </object_component>
      <object_component id="oc-13b">
         <name>.debug_info</name>
         <load_address>0xf41a</load_address>
         <run_address>0xf41a</run_address>
         <size>0x2d4</size>
         <input_file_ref idref="fl-d7"/>
      </object_component>
      <object_component id="oc-4e">
         <name>.debug_info</name>
         <load_address>0xf6ee</load_address>
         <run_address>0xf6ee</run_address>
         <size>0x1d2</size>
         <input_file_ref idref="fl-d7"/>
      </object_component>
      <object_component id="oc-136">
         <name>.debug_info</name>
         <load_address>0xf8c0</load_address>
         <run_address>0xf8c0</run_address>
         <size>0x46</size>
         <input_file_ref idref="fl-d7"/>
      </object_component>
      <object_component id="oc-20a">
         <name>.debug_info</name>
         <load_address>0xf906</load_address>
         <run_address>0xf906</run_address>
         <size>0x2c</size>
         <input_file_ref idref="fl-d7"/>
      </object_component>
      <object_component id="oc-4c">
         <name>.debug_info</name>
         <load_address>0xf932</load_address>
         <run_address>0xf932</run_address>
         <size>0x2a8</size>
         <input_file_ref idref="fl-d8"/>
      </object_component>
      <object_component id="oc-1c">
         <name>.debug_info</name>
         <load_address>0xfbda</load_address>
         <run_address>0xfbda</run_address>
         <size>0x1ea</size>
         <input_file_ref idref="fl-d8"/>
      </object_component>
      <object_component id="oc-47">
         <name>.debug_info</name>
         <load_address>0xfdc4</load_address>
         <run_address>0xfdc4</run_address>
         <size>0x46</size>
         <input_file_ref idref="fl-d8"/>
      </object_component>
      <object_component id="oc-12e">
         <name>.debug_info</name>
         <load_address>0xfe0a</load_address>
         <run_address>0xfe0a</run_address>
         <size>0x2c</size>
         <input_file_ref idref="fl-d8"/>
      </object_component>
      <object_component id="oc-12c">
         <name>.debug_info</name>
         <load_address>0xfe36</load_address>
         <run_address>0xfe36</run_address>
         <size>0x29e</size>
         <input_file_ref idref="fl-d9"/>
      </object_component>
      <object_component id="oc-17">
         <name>.debug_info</name>
         <load_address>0x100d4</load_address>
         <run_address>0x100d4</run_address>
         <size>0x250</size>
         <input_file_ref idref="fl-d9"/>
      </object_component>
      <object_component id="oc-37">
         <name>.debug_info</name>
         <load_address>0x10324</load_address>
         <run_address>0x10324</run_address>
         <size>0x60</size>
         <input_file_ref idref="fl-d9"/>
      </object_component>
      <object_component id="oc-203">
         <name>.debug_info</name>
         <load_address>0x10384</load_address>
         <run_address>0x10384</run_address>
         <size>0x46</size>
         <input_file_ref idref="fl-d9"/>
      </object_component>
      <object_component id="oc-127">
         <name>.debug_info</name>
         <load_address>0x103ca</load_address>
         <run_address>0x103ca</run_address>
         <size>0x39</size>
         <input_file_ref idref="fl-d9"/>
      </object_component>
      <object_component id="oc-26f">
         <name>.debug_info</name>
         <load_address>0x10403</load_address>
         <run_address>0x10403</run_address>
         <size>0x289</size>
         <input_file_ref idref="fl-da"/>
      </object_component>
      <object_component id="oc-26c">
         <name>.debug_info</name>
         <load_address>0x1068c</load_address>
         <run_address>0x1068c</run_address>
         <size>0x10e</size>
         <input_file_ref idref="fl-da"/>
      </object_component>
      <object_component id="oc-160">
         <name>.debug_info</name>
         <load_address>0x1079a</load_address>
         <run_address>0x1079a</run_address>
         <size>0x14e</size>
         <input_file_ref idref="fl-da"/>
      </object_component>
      <object_component id="oc-25">
         <name>.debug_info</name>
         <load_address>0x108e8</load_address>
         <run_address>0x108e8</run_address>
         <size>0x10b</size>
         <input_file_ref idref="fl-db"/>
      </object_component>
      <object_component id="oc-60">
         <name>.debug_info</name>
         <load_address>0x109f3</load_address>
         <run_address>0x109f3</run_address>
         <size>0x1a9</size>
         <input_file_ref idref="fl-db"/>
      </object_component>
      <object_component id="oc-42">
         <name>.debug_info</name>
         <load_address>0x10b9c</load_address>
         <run_address>0x10b9c</run_address>
         <size>0x119</size>
         <input_file_ref idref="fl-dc"/>
      </object_component>
      <object_component id="oc-2ed">
         <name>.debug_info</name>
         <load_address>0x10cb5</load_address>
         <run_address>0x10cb5</run_address>
         <size>0x4b3</size>
         <input_file_ref idref="fl-de"/>
      </object_component>
      <object_component id="oc-23a">
         <name>.debug_info</name>
         <load_address>0x11168</load_address>
         <run_address>0x11168</run_address>
         <size>0x1a6</size>
         <input_file_ref idref="fl-de"/>
      </object_component>
      <object_component id="oc-33b">
         <name>.debug_info</name>
         <load_address>0x1130e</load_address>
         <run_address>0x1130e</run_address>
         <size>0x39</size>
         <input_file_ref idref="fl-de"/>
      </object_component>
      <object_component id="oc-354">
         <name>.debug_info</name>
         <load_address>0x11347</load_address>
         <run_address>0x11347</run_address>
         <size>0x39</size>
         <input_file_ref idref="fl-de"/>
      </object_component>
      <object_component id="oc-340">
         <name>.debug_info</name>
         <load_address>0x11380</load_address>
         <run_address>0x11380</run_address>
         <size>0x39</size>
         <input_file_ref idref="fl-de"/>
      </object_component>
      <object_component id="oc-345">
         <name>.debug_info</name>
         <load_address>0x113b9</load_address>
         <run_address>0x113b9</run_address>
         <size>0xcd</size>
         <input_file_ref idref="fl-de"/>
      </object_component>
      <object_component id="oc-143">
         <name>.debug_info</name>
         <load_address>0x11486</load_address>
         <run_address>0x11486</run_address>
         <size>0x153</size>
         <input_file_ref idref="fl-df"/>
      </object_component>
      <object_component id="oc-22f">
         <name>.debug_info</name>
         <load_address>0x115d9</load_address>
         <run_address>0x115d9</run_address>
         <size>0x122</size>
         <input_file_ref idref="fl-e1"/>
      </object_component>
      <object_component id="oc-390">
         <name>.debug_info</name>
         <load_address>0x116fb</load_address>
         <run_address>0x116fb</run_address>
         <size>0xb9</size>
      </object_component>
      <object_component id="oc-2d7">
         <name>.debug_line</name>
         <load_address>0x0</load_address>
         <run_address>0x0</run_address>
         <size>0xc3</size>
         <input_file_ref idref="fl-2"/>
      </object_component>
      <object_component id="oc-1bb">
         <name>.debug_line</name>
         <load_address>0xc3</load_address>
         <run_address>0xc3</run_address>
         <size>0x1d5</size>
         <input_file_ref idref="fl-2"/>
      </object_component>
      <object_component id="oc-125">
         <name>.debug_line</name>
         <load_address>0x298</load_address>
         <run_address>0x298</run_address>
         <size>0x6f</size>
         <input_file_ref idref="fl-2"/>
      </object_component>
      <object_component id="oc-190">
         <name>.debug_line</name>
         <load_address>0x307</load_address>
         <run_address>0x307</run_address>
         <size>0x2f</size>
         <input_file_ref idref="fl-2"/>
      </object_component>
      <object_component id="oc-119">
         <name>.debug_line</name>
         <load_address>0x336</load_address>
         <run_address>0x336</run_address>
         <size>0x20</size>
         <input_file_ref idref="fl-2"/>
      </object_component>
      <object_component id="oc-200">
         <name>.debug_line</name>
         <load_address>0x356</load_address>
         <run_address>0x356</run_address>
         <size>0x73</size>
         <input_file_ref idref="fl-2"/>
      </object_component>
      <object_component id="oc-11e">
         <name>.debug_line</name>
         <load_address>0x3c9</load_address>
         <run_address>0x3c9</run_address>
         <size>0x70</size>
         <input_file_ref idref="fl-2"/>
      </object_component>
      <object_component id="oc-2b5">
         <name>.debug_line</name>
         <load_address>0x439</load_address>
         <run_address>0x439</run_address>
         <size>0x20</size>
         <input_file_ref idref="fl-3"/>
      </object_component>
      <object_component id="oc-ee">
         <name>.debug_line</name>
         <load_address>0x459</load_address>
         <run_address>0x459</run_address>
         <size>0x158</size>
         <input_file_ref idref="fl-3"/>
      </object_component>
      <object_component id="oc-3f">
         <name>.debug_line</name>
         <load_address>0x5b1</load_address>
         <run_address>0x5b1</run_address>
         <size>0x20</size>
         <input_file_ref idref="fl-3"/>
      </object_component>
      <object_component id="oc-2ad">
         <name>.debug_line</name>
         <load_address>0x5d1</load_address>
         <run_address>0x5d1</run_address>
         <size>0x99</size>
         <input_file_ref idref="fl-4"/>
      </object_component>
      <object_component id="oc-c9">
         <name>.debug_line</name>
         <load_address>0x66a</load_address>
         <run_address>0x66a</run_address>
         <size>0x1b7</size>
         <input_file_ref idref="fl-4"/>
      </object_component>
      <object_component id="oc-2d5">
         <name>.debug_line</name>
         <load_address>0x821</load_address>
         <run_address>0x821</run_address>
         <size>0x136</size>
         <input_file_ref idref="fl-5"/>
      </object_component>
      <object_component id="oc-10f">
         <name>.debug_line</name>
         <load_address>0x957</load_address>
         <run_address>0x957</run_address>
         <size>0x122</size>
         <input_file_ref idref="fl-5"/>
      </object_component>
      <object_component id="oc-1d0">
         <name>.debug_line</name>
         <load_address>0xa79</load_address>
         <run_address>0xa79</run_address>
         <size>0x168</size>
         <input_file_ref idref="fl-6"/>
      </object_component>
      <object_component id="oc-1ce">
         <name>.debug_line</name>
         <load_address>0xbe1</load_address>
         <run_address>0xbe1</run_address>
         <size>0x2d</size>
         <input_file_ref idref="fl-6"/>
      </object_component>
      <object_component id="oc-14c">
         <name>.debug_line</name>
         <load_address>0xc0e</load_address>
         <run_address>0xc0e</run_address>
         <size>0x60</size>
         <input_file_ref idref="fl-6"/>
      </object_component>
      <object_component id="oc-18c">
         <name>.debug_line</name>
         <load_address>0xc6e</load_address>
         <run_address>0xc6e</run_address>
         <size>0x188</size>
         <input_file_ref idref="fl-7"/>
      </object_component>
      <object_component id="oc-18a">
         <name>.debug_line</name>
         <load_address>0xdf6</load_address>
         <run_address>0xdf6</run_address>
         <size>0x30</size>
         <input_file_ref idref="fl-7"/>
      </object_component>
      <object_component id="oc-2e">
         <name>.debug_line</name>
         <load_address>0xe26</load_address>
         <run_address>0xe26</run_address>
         <size>0x13e</size>
         <input_file_ref idref="fl-7"/>
      </object_component>
      <object_component id="oc-121">
         <name>.debug_line</name>
         <load_address>0xf64</load_address>
         <run_address>0xf64</run_address>
         <size>0x34</size>
         <input_file_ref idref="fl-8"/>
      </object_component>
      <object_component id="oc-34">
         <name>.debug_line</name>
         <load_address>0xf98</load_address>
         <run_address>0xf98</run_address>
         <size>0x34</size>
         <input_file_ref idref="fl-8"/>
      </object_component>
      <object_component id="oc-2b">
         <name>.debug_line</name>
         <load_address>0xfcc</load_address>
         <run_address>0xfcc</run_address>
         <size>0x94</size>
         <input_file_ref idref="fl-8"/>
      </object_component>
      <object_component id="oc-224">
         <name>.debug_line</name>
         <load_address>0x1060</load_address>
         <run_address>0x1060</run_address>
         <size>0x91</size>
         <input_file_ref idref="fl-f"/>
      </object_component>
      <object_component id="oc-21e">
         <name>.debug_line</name>
         <load_address>0x10f1</load_address>
         <run_address>0x10f1</run_address>
         <size>0x8e</size>
         <input_file_ref idref="fl-f"/>
      </object_component>
      <object_component id="oc-16e">
         <name>.debug_line</name>
         <load_address>0x117f</load_address>
         <run_address>0x117f</run_address>
         <size>0x69</size>
         <input_file_ref idref="fl-f"/>
      </object_component>
      <object_component id="oc-31e">
         <name>.debug_line</name>
         <load_address>0x11e8</load_address>
         <run_address>0x11e8</run_address>
         <size>0x82</size>
         <input_file_ref idref="fl-10"/>
      </object_component>
      <object_component id="oc-31c">
         <name>.debug_line</name>
         <load_address>0x126a</load_address>
         <run_address>0x126a</run_address>
         <size>0x7d</size>
         <input_file_ref idref="fl-10"/>
      </object_component>
      <object_component id="oc-2bf">
         <name>.debug_line</name>
         <load_address>0x12e7</load_address>
         <run_address>0x12e7</run_address>
         <size>0x95</size>
         <input_file_ref idref="fl-10"/>
      </object_component>
      <object_component id="oc-2c5">
         <name>.debug_line</name>
         <load_address>0x137c</load_address>
         <run_address>0x137c</run_address>
         <size>0xd1</size>
         <input_file_ref idref="fl-10"/>
      </object_component>
      <object_component id="oc-1db">
         <name>.debug_line</name>
         <load_address>0x144d</load_address>
         <run_address>0x144d</run_address>
         <size>0x93</size>
         <input_file_ref idref="fl-10"/>
      </object_component>
      <object_component id="oc-29d">
         <name>.debug_line</name>
         <load_address>0x14e0</load_address>
         <run_address>0x14e0</run_address>
         <size>0x93</size>
         <input_file_ref idref="fl-10"/>
      </object_component>
      <object_component id="oc-2a3">
         <name>.debug_line</name>
         <load_address>0x1573</load_address>
         <run_address>0x1573</run_address>
         <size>0x93</size>
         <input_file_ref idref="fl-10"/>
      </object_component>
      <object_component id="oc-1d5">
         <name>.debug_line</name>
         <load_address>0x1606</load_address>
         <run_address>0x1606</run_address>
         <size>0xa7</size>
         <input_file_ref idref="fl-10"/>
      </object_component>
      <object_component id="oc-30d">
         <name>.debug_line</name>
         <load_address>0x16ad</load_address>
         <run_address>0x16ad</run_address>
         <size>0x82</size>
         <input_file_ref idref="fl-11"/>
      </object_component>
      <object_component id="oc-193">
         <name>.debug_line</name>
         <load_address>0x172f</load_address>
         <run_address>0x172f</run_address>
         <size>0x91</size>
         <input_file_ref idref="fl-11"/>
      </object_component>
      <object_component id="oc-313">
         <name>.debug_line</name>
         <load_address>0x17c0</load_address>
         <run_address>0x17c0</run_address>
         <size>0x91</size>
         <input_file_ref idref="fl-11"/>
      </object_component>
      <object_component id="oc-2a6">
         <name>.debug_line</name>
         <load_address>0x1851</load_address>
         <run_address>0x1851</run_address>
         <size>0xa5</size>
         <input_file_ref idref="fl-11"/>
      </object_component>
      <object_component id="oc-19c">
         <name>.debug_line</name>
         <load_address>0x18f6</load_address>
         <run_address>0x18f6</run_address>
         <size>0x91</size>
         <input_file_ref idref="fl-11"/>
      </object_component>
      <object_component id="oc-1ae">
         <name>.debug_line</name>
         <load_address>0x1987</load_address>
         <run_address>0x1987</run_address>
         <size>0x91</size>
         <input_file_ref idref="fl-11"/>
      </object_component>
      <object_component id="oc-1a2">
         <name>.debug_line</name>
         <load_address>0x1a18</load_address>
         <run_address>0x1a18</run_address>
         <size>0x91</size>
         <input_file_ref idref="fl-11"/>
      </object_component>
      <object_component id="oc-1a8">
         <name>.debug_line</name>
         <load_address>0x1aa9</load_address>
         <run_address>0x1aa9</run_address>
         <size>0x91</size>
         <input_file_ref idref="fl-11"/>
      </object_component>
      <object_component id="oc-28e">
         <name>.debug_line</name>
         <load_address>0x1b3a</load_address>
         <run_address>0x1b3a</run_address>
         <size>0x7c</size>
         <input_file_ref idref="fl-12"/>
      </object_component>
      <object_component id="oc-28c">
         <name>.debug_line</name>
         <load_address>0x1bb6</load_address>
         <run_address>0x1bb6</run_address>
         <size>0x82</size>
         <input_file_ref idref="fl-12"/>
      </object_component>
      <object_component id="oc-30b">
         <name>.debug_line</name>
         <load_address>0x1c38</load_address>
         <run_address>0x1c38</run_address>
         <size>0x82</size>
         <input_file_ref idref="fl-12"/>
      </object_component>
      <object_component id="oc-17e">
         <name>.debug_line</name>
         <load_address>0x1cba</load_address>
         <run_address>0x1cba</run_address>
         <size>0xaf</size>
         <input_file_ref idref="fl-12"/>
      </object_component>
      <object_component id="oc-228">
         <name>.debug_line</name>
         <load_address>0x1d69</load_address>
         <run_address>0x1d69</run_address>
         <size>0x97</size>
         <input_file_ref idref="fl-12"/>
      </object_component>
      <object_component id="oc-a6">
         <name>.debug_line</name>
         <load_address>0x1e00</load_address>
         <run_address>0x1e00</run_address>
         <size>0xc2</size>
         <input_file_ref idref="fl-12"/>
      </object_component>
      <object_component id="oc-278">
         <name>.debug_line</name>
         <load_address>0x1ec2</load_address>
         <run_address>0x1ec2</run_address>
         <size>0x13d</size>
         <input_file_ref idref="fl-13"/>
      </object_component>
      <object_component id="oc-30f">
         <name>.debug_line</name>
         <load_address>0x1fff</load_address>
         <run_address>0x1fff</run_address>
         <size>0x7f</size>
         <input_file_ref idref="fl-13"/>
      </object_component>
      <object_component id="oc-8a">
         <name>.debug_line</name>
         <load_address>0x207e</load_address>
         <run_address>0x207e</run_address>
         <size>0x94</size>
         <input_file_ref idref="fl-13"/>
      </object_component>
      <object_component id="oc-217">
         <name>.debug_line</name>
         <load_address>0x2112</load_address>
         <run_address>0x2112</run_address>
         <size>0xee</size>
         <input_file_ref idref="fl-13"/>
      </object_component>
[...]
         <object_component_ref idref="oc-1b7"/>
      </symbol>
      <symbol id="sm-85">
         <name>i2c_Config</name>
         <value>0x93d</value>
         <object_component_ref idref="oc-1b7"/>
      </symbol>
      <symbol id="sm-a5">
         <name>getQangle</name>
         <value>0x172d</value>
         <object_component_ref idref="oc-ea"/>
      </symbol>
      <symbol id="sm-a6">
         <name>initKalman</name>
         <value>0x14dd</value>
         <object_component_ref idref="oc-ea"/>
      </symbol>
      <symbol id="sm-a7">
         <name>setRmeasure</name>
         <value>0x1719</value>
         <object_component_ref idref="oc-ea"/>
      </symbol>
      <symbol id="sm-a8">
         <name>setQangle</name>
         <value>0x16f1</value>
         <object_component_ref idref="oc-ea"/>
      </symbol>
      <symbol id="sm-a9">
         <name>getQbias</name>
         <value>0x1739</value>
         <object_component_ref idref="oc-ea"/>
      </symbol>
      <symbol id="sm-aa">
         <name>getAngle</name>
         <value>0x151d</value>
         <object_component_ref idref="oc-ea"/>
      </symbol>
      <symbol id="sm-ab">
         <name>setQbias</name>
         <value>0x1705</value>
         <object_component_ref idref="oc-ea"/>
      </symbol>
      <symbol id="sm-ac">
         <name>setAngle</name>
         <value>0x16d1</value>
         <object_component_ref idref="oc-ea"/>
      </symbol>
      <symbol id="sm-ad">
         <name>getRate</name>
         <value>0x16e5</value>
         <object_component_ref idref="oc-ea"/>
      </symbol>
      <symbol id="sm-ae">
         <name>getRmeasure</name>
         <value>0x1745</value>
         <object_component_ref idref="oc-ea"/>
      </symbol>
      <symbol id="sm-da">
         <name>mpu6050_Config</name>
         <value>0x100f</value>
         <object_component_ref idref="oc-c4"/>
      </symbol>
      <symbol id="sm-db">
         <name>mpu6050_Read_All</name>
         <value>0x1165</value>
         <object_component_ref idref="oc-c4"/>
      </symbol>
      <symbol id="sm-dc">
         <name>i2cReadData</name>
         <value>0xeb7</value>
         <object_component_ref idref="oc-c4"/>
      </symbol>
      <symbol id="sm-dd">
         <name>mpu6050_Read_AccelXYZ</name>
         <value>0x10cf</value>
         <object_component_ref idref="oc-c4"/>
      </symbol>
      <symbol id="sm-de">
         <name>i2cWriteData</name>
         <value>0xd99</value>
         <object_component_ref idref="oc-c4"/>
      </symbol>
      <symbol id="sm-df">
         <name>mpu6050_Read_Temp</name>
         <value>0x1121</value>
         <object_component_ref idref="oc-c4"/>
      </symbol>
      <symbol id="sm-e0">
         <name>i2cWrite</name>
         <value>0xe3b</value>
         <object_component_ref idref="oc-c4"/>
      </symbol>
      <symbol id="sm-e1">
         <name>mpu6050_Read_GyroXYZ</name>
         <value>0x1083</value>
         <object_component_ref idref="oc-c4"/>
      </symbol>
      <symbol id="sm-e2">
         <name>i2cRead</name>
         <value>0xe5d</value>
         <object_component_ref idref="oc-c4"/>
      </symbol>
      <symbol id="sm-e3">
         <name>initMPU6050</name>
         <value>0xf81</value>
         <object_component_ref idref="oc-c4"/>
      </symbol>
      <symbol id="sm-10b">
         <name>UARTPut_int32</name>
         <value>0x1807</value>
         <object_component_ref idref="oc-10a"/>
      </symbol>
      <symbol id="sm-10c">
         <name>UARTPutFloat</name>
         <value>0x18d3</value>
         <object_component_ref idref="oc-10a"/>
      </symbol>
      <symbol id="sm-10d">
         <name>ConfigUART1</name>
         <value>0x17b9</value>
         <object_component_ref idref="oc-10a"/>
      </symbol>
      <symbol id="sm-10e">
         <name>ConfigUART0</name>
         <value>0x1761</value>
         <object_component_ref idref="oc-10a"/>
      </symbol>
      <symbol id="sm-10f">
         <name>UART0_ISR</name>
         <value>0x1909</value>
         <object_component_ref idref="oc-10a"/>
      </symbol>
      <symbol id="sm-110">
         <name>UARTPutn</name>
         <value>0x1843</value>
         <object_component_ref idref="oc-10a"/>
      </symbol>
      <symbol id="sm-135">
         <name>AccelX</name>
         <value>0x20000524</value>
      </symbol>
      <symbol id="sm-136">
         <name>AccelY</name>
         <value>0x20000526</value>
      </symbol>
      <symbol id="sm-137">
         <name>AccelZ</name>
         <value>0x20000528</value>
      </symbol>
      <symbol id="sm-138">
         <name>GyroX</name>
         <value>0x2000052a</value>
      </symbol>
      <symbol id="sm-139">
         <name>GyroY</name>
         <value>0x2000052c</value>
      </symbol>
      <symbol id="sm-13a">
         <name>GyroZ</name>
         <value>0x2000052e</value>
      </symbol>
      <symbol id="sm-13b">
         <name>gyroRoll</name>
         <value>0x20000520</value>
      </symbol>
      <symbol id="sm-13c">
         <name>gyroPitch</name>
         <value>0x2000051c</value>
      </symbol>
      <symbol id="sm-13d">
         <name>compRoll</name>
         <value>0x20000514</value>
      </symbol>
      <symbol id="sm-13e">
         <name>compPitch</name>
         <value>0x20000510</value>
      </symbol>
      <symbol id="sm-13f">
         <name>compYaw</name>
         <value>0x20000518</value>
      </symbol>
      <symbol id="sm-140">
         <name>kalRoll</name>
         <value>0x200004e0</value>
      </symbol>
      <symbol id="sm-141">
         <name>kalPitch</name>
         <value>0x200004d8</value>
      </symbol>
      <symbol id="sm-142">
         <name>RollKalman</name>
         <value>0x20000498</value>
      </symbol>
      <symbol id="sm-143">
         <name>PitchKalman</name>
         <value>0x20000470</value>
      </symbol>
      <symbol id="sm-144">
         <name>main</name>
         <value>0x1cf5</value>
         <object_component_ref idref="oc-148"/>
      </symbol>
      <symbol id="sm-145">
         <name>KalmanStarted</name>
         <value>0x20000554</value>
         <object_component_ref idref="oc-fa"/>
      </symbol>
      <symbol id="sm-1b1">
         <name>roll</name>
         <value>0x20000508</value>
      </symbol>
      <symbol id="sm-1b2">
         <name>pitch</name>
         <value>0x200004e8</value>
      </symbol>
      <symbol id="sm-1b3">
         <name>err_sumsquare1</name>
         <value>0x200004c0</value>
      </symbol>
      <symbol id="sm-1b4">
         <name>err_sumsquare2</name>
         <value>0x200004c8</value>
      </symbol>
      <symbol id="sm-1b5">
         <name>err_sumsquare3</name>
         <value>0x200004d0</value>
      </symbol>
      <symbol id="sm-1b6">
         <name>rms1</name>
         <value>0x200004f0</value>
      </symbol>
      <symbol id="sm-1b7">
         <name>rms2</name>
         <value>0x200004f8</value>
      </symbol>
      <symbol id="sm-1b8">
         <name>rms3</name>
         <value>0x20000500</value>
      </symbol>
      <symbol id="sm-1b9">
         <name>ConfigUpdateTimer</name>
         <value>0x42b</value>
         <object_component_ref idref="oc-2d"/>
      </symbol>
      <symbol id="sm-1ba">
         <name>kalYaw</name>
         <value>0x20000538</value>
         <object_component_ref idref="oc-b9"/>
      </symbol>
      <symbol id="sm-1bb">
         <name>CalculateAngleRMS</name>
         <value>0x26d</value>
         <object_component_ref idref="oc-2d"/>
      </symbol>
      <symbol id="sm-1bc">
         <name>ConfigIntervalTimer</name>
         <value>0x3e1</value>
         <object_component_ref idref="oc-2d"/>
      </symbol>
      <symbol id="sm-1bd">
         <name>TimerUpdateHandler</name>
         <value>0x7d1</value>
         <object_component_ref idref="oc-2d"/>
      </symbol>
      <symbol id="sm-1be">
         <name>yaw</name>
         <value>0x20000530</value>
         <object_component_ref idref="oc-b9"/>
      </symbol>
      <symbol id="sm-1bf">
         <name>TimerInterruptHandler</name>
         <value>0x4b1</value>
         <object_component_ref idref="oc-2d"/>
      </symbol>
      <symbol id="sm-1c0">
         <name>count</name>
         <value>0x20000548</value>
         <object_component_ref idref="oc-b9"/>
      </symbol>
      <symbol id="sm-1c1">
         <name>test</name>
         <value>0x20000540</value>
         <object_component_ref idref="oc-b9"/>
      </symbol>
      <symbol id="sm-1dd">
         <name>ResetISR</name>
         <value>0x2c7f</value>
         <object_component_ref idref="oc-27"/>
      </symbol>
      <symbol id="sm-1de">
         <name>g_pfnVectors</name>
         <value>0x0</value>
         <object_component_ref idref="oc-12"/>
      </symbol>
      <symbol id="sm-1fa">
         <name>FPULazyStackingEnable</name>
         <value>0x2c29</value>
         <object_component_ref idref="oc-21f"/>
      </symbol>
      <symbol id="sm-1fb">
         <name>FPUEnable</name>
         <value>0x2c19</value>
         <object_component_ref idref="oc-219"/>
      </symbol>
      <symbol id="sm-23d">
         <name>GPIOPinConfigure</name>
         <value>0x2931</value>
         <object_component_ref idref="oc-1d1"/>
      </symbol>
      <symbol id="sm-23e">
         <name>GPIOPinTypeI2CSCL</name>
         <value>0x2be3</value>
         <object_component_ref idref="oc-299"/>
      </symbol>
      <symbol id="sm-23f">
         <name>GPIOPinTypeI2C</name>
         <value>0x2bd1</value>
         <object_component_ref idref="oc-29f"/>
      </symbol>
      <symbol id="sm-240">
         <name>GPIOPinTypeUART</name>
         <value>0x2bf5</value>
         <object_component_ref idref="oc-1d7"/>
      </symbol>
      <symbol id="sm-241">
         <name>GPIODirModeSet</name>
         <value>0x2b47</value>
         <object_component_ref idref="oc-2bb"/>
      </symbol>
      <symbol id="sm-242">
         <name>GPIOPadConfigSet</name>
         <value>0x211f</value>
         <object_component_ref idref="oc-2c1"/>
      </symbol>
      <symbol id="sm-283">
         <name>I2CMasterDataPut</name>
         <value>0x2cd1</value>
         <object_component_ref idref="oc-198"/>
      </symbol>
      <symbol id="sm-284">
         <name>I2CMasterInitExpClk</name>
         <value>0x2899</value>
         <object_component_ref idref="oc-2a5"/>
      </symbol>
      <symbol id="sm-285">
         <name>I2CMasterSlaveAddrSet</name>
         <value>0x2c9d</value>
         <object_component_ref idref="oc-192"/>
      </symbol>
      <symbol id="sm-286">
         <name>I2CMasterDataGet</name>
         <value>0x2ccd</value>
         <object_component_ref idref="oc-1aa"/>
      </symbol>
      <symbol id="sm-287">
         <name>I2CMasterControl</name>
         <value>0x2cc9</value>
         <object_component_ref idref="oc-19e"/>
      </symbol>
      <symbol id="sm-288">
         <name>I2CMasterBusy</name>
         <value>0x2c95</value>
         <object_component_ref idref="oc-1a4"/>
      </symbol>
      <symbol id="sm-289">
         <name>I2CMasterEnable</name>
         <value>0x2c8b</value>
         <object_component_ref idref="oc-312"/>
      </symbol>
      <symbol id="sm-2cb">
         <name>IntEnable</name>
         <value>0x2769</value>
         <object_component_ref idref="oc-a1"/>
      </symbol>
      <symbol id="sm-2cc">
         <name>IntRegister</name>
         <value>0x2a7d</value>
         <object_component_ref idref="oc-17a"/>
      </symbol>
      <symbol id="sm-2cd">
         <name>g_pfnRAMVectors</name>
         <value>0x20000000</value>
         <object_component_ref idref="oc-287"/>
      </symbol>
      <symbol id="sm-2ce">
         <name>IntMasterEnable</name>
         <value>0x2c39</value>
         <object_component_ref idref="oc-225"/>
      </symbol>
      <symbol id="sm-320">
         <name>SysCtlClockSet</name>
         <value>0x245d</value>
         <object_component_ref idref="oc-213"/>
      </symbol>
      <symbol id="sm-321">
         <name>SysCtlDelay</name>
         <value>0x2cbd</value>
         <object_component_ref idref="oc-1b6"/>
      </symbol>
      <symbol id="sm-322">
         <name>SysCtlPeripheralEnable</name>
         <value>0x2ab1</value>
         <object_component_ref idref="oc-89"/>
      </symbol>
      <symbol id="sm-323">
         <name>SysCtlClockGet</name>
         <value>0x2251</value>
         <object_component_ref idref="oc-1b0"/>
      </symbol>
      <symbol id="sm-37e">
         <name>TimerLoadSet</name>
         <value>0x2c07</value>
         <object_component_ref idref="oc-95"/>
      </symbol>
      <symbol id="sm-37f">
         <name>TimerIntRegister</name>
         <value>0x2b8d</value>
         <object_component_ref idref="oc-9b"/>
      </symbol>
      <symbol id="sm-380">
         <name>TimerEnable</name>
         <value>0x2c49</value>
         <object_component_ref idref="oc-b3"/>
      </symbol>
      <symbol id="sm-381">
         <name>TimerIntEnable</name>
         <value>0x2ca5</value>
         <object_component_ref idref="oc-a7"/>
      </symbol>
      <symbol id="sm-382">
         <name>TimerConfigure</name>
         <value>0x2839</value>
         <object_component_ref idref="oc-8f"/>
      </symbol>
      <symbol id="sm-383">
         <name>TimerIntClear</name>
         <value>0x2cd5</value>
         <object_component_ref idref="oc-ad"/>
      </symbol>
      <symbol id="sm-3cf">
         <name>UARTCharPutNonBlocking</name>
         <value>0x2c57</value>
         <object_component_ref idref="oc-1f5"/>
      </symbol>
      <symbol id="sm-3d0">
         <name>UARTIntEnable</name>
         <value>0x2cad</value>
         <object_component_ref idref="oc-1e9"/>
      </symbol>
      <symbol id="sm-3d1">
         <name>UARTClockSourceSet</name>
         <value>0x2cc3</value>
         <object_component_ref idref="oc-1dd"/>
      </symbol>
      <symbol id="sm-3d2">
         <name>UARTEnable</name>
         <value>0x2bbd</value>
         <object_component_ref idref="oc-1ef"/>
      </symbol>
      <symbol id="sm-3d3">
         <name>UARTIntRegister</name>
         <value>0x2ba5</value>
         <object_component_ref idref="oc-1e3"/>
      </symbol>
      <symbol id="sm-3dd">
         <name>CPUcpsie</name>
         <value>0x2c73</value>
         <object_component_ref idref="oc-2db"/>
      </symbol>
      <symbol id="sm-421">
         <name>atan2</name>
         <value>0x1959</value>
         <object_component_ref idref="oc-cf"/>
      </symbol>
      <symbol id="sm-422">
         <name>atan2l</name>
         <value>0x1959</value>
         <object_component_ref idref="oc-cf"/>
      </symbol>
      <symbol id="sm-444">
         <name>sqrtl</name>
         <value>0x1e91</value>
         <object_component_ref idref="oc-83"/>
      </symbol>
      <symbol id="sm-445">
         <name>sqrt</name>
         <value>0x1e91</value>
         <object_component_ref idref="oc-83"/>
      </symbol>
      <symbol id="sm-47b">
         <name>atanl</name>
         <value>0x11f1</value>
         <object_component_ref idref="oc-d5"/>
      </symbol>
      <symbol id="sm-47c">
         <name>atan</name>
         <value>0x11f1</value>
         <object_component_ref idref="oc-d5"/>
      </symbol>
      <symbol id="sm-493">
         <name>__aeabi_dsub</name>
         <value>0x1b3d</value>
         <object_component_ref idref="oc-74"/>
      </symbol>
      <symbol id="sm-494">
         <name>__aeabi_dadd</name>
         <value>0x1b47</value>
         <object_component_ref idref="oc-74"/>
      </symbol>
      <symbol id="sm-4b6">
         <name>__aeabi_cdcmpeq</name>
         <value>0x25ed</value>
         <object_component_ref idref="oc-db"/>
      </symbol>
      <symbol id="sm-4b7">
         <name>__aeabi_cdcmple</name>
         <value>0x25ed</value>
         <object_component_ref idref="oc-db"/>
      </symbol>
      <symbol id="sm-4b8">
         <name>__aeabi_cdrcmple</name>
         <value>0x2673</value>
         <object_component_ref idref="oc-e0"/>
      </symbol>
      <symbol id="sm-4cc">
         <name>__aeabi_ddiv</name>
         <value>0x1fe9</value>
         <object_component_ref idref="oc-7e"/>
      </symbol>
      <symbol id="sm-4d7">
         <name>__aeabi_dmul</name>
         <value>0x2361</value>
         <object_component_ref idref="oc-79"/>
      </symbol>
      <symbol id="sm-4e1">
         <name>__aeabi_d2iz</name>
         <value>0x2979</value>
         <object_component_ref idref="oc-f5"/>
      </symbol>
      <symbol id="sm-4ed">
         <name>__aeabi_d2f</name>
         <value>0x26f9</value>
         <object_component_ref idref="oc-e5"/>
      </symbol>
      <symbol id="sm-4f8">
         <name>__aeabi_f2d</name>
         <value>0x2a45</value>
         <object_component_ref idref="oc-f0"/>
      </symbol>
      <symbol id="sm-502">
         <name>__aeabi_i2d</name>
         <value>0x2b19</value>
         <object_component_ref idref="oc-ca"/>
      </symbol>
      <symbol id="sm-51b">
         <name>__TI_zero_init_nomemset</name>
         <value>0x2b71</value>
         <object_component_ref idref="oc-4d"/>
      </symbol>
      <symbol id="sm-532">
         <name>__TI_decompress_none</name>
         <value>0x2c65</value>
         <object_component_ref idref="oc-1b"/>
      </symbol>
      <symbol id="sm-555">
         <name>__TI_decompress_lzss</name>
         <value>0x27d1</value>
         <object_component_ref idref="oc-15"/>
      </symbol>
      <symbol id="sm-56b">
         <name>__aeabi_errno_addr</name>
         <value>0x2cb5</value>
         <object_component_ref idref="oc-15d"/>
      </symbol>
      <symbol id="sm-56c">
         <name>errno</name>
         <value>0x20000550</value>
         <object_component_ref idref="oc-26b"/>
      </symbol>
      <symbol id="sm-57f">
         <name>__stack</name>
         <value>0x20000270</value>
         <object_component_ref idref="oc-24"/>
      </symbol>
      <symbol id="sm-580">
         <name>_c_int00_noargs</name>
         <value>0x2ae5</value>
         <object_component_ref idref="oc-5f"/>
      </symbol>
      <symbol id="sm-59b">
         <name>memcpy</name>
         <value>0x2551</value>
         <object_component_ref idref="oc-41"/>
      </symbol>
      <symbol id="sm-59c">
         <name>__aeabi_memcpy</name>
         <value>0x2551</value>
         <object_component_ref idref="oc-41"/>
      </symbol>
      <symbol id="sm-59d">
         <name>__aeabi_memcpy8</name>
         <value>0x2551</value>
         <object_component_ref idref="oc-41"/>
      </symbol>
      <symbol id="sm-59e">
         <name>__aeabi_memcpy4</name>
         <value>0x2551</value>
         <object_component_ref idref="oc-41"/>
      </symbol>
      <symbol id="sm-5c7">
         <name>__TI_auto_init_nobinit_nopinit</name>
         <value>0x29c1</value>
         <object_component_ref idref="oc-239"/>
      </symbol>
      <symbol id="sm-5d1">
         <name>_system_pre_init</name>
         <value>0x2cd9</value>
         <object_component_ref idref="oc-142"/>
      </symbol>
      <symbol id="sm-5dd">
         <name>C$$EXIT</name>
         <value>0x2cdd</value>
         <object_component_ref idref="oc-22d"/>
      </symbol>
      <symbol id="sm-5de">
         <name>abort</name>
         <value>0x2cdd</value>
         <object_component_ref idref="oc-22d"/>
      </symbol>
      <symbol id="sm-5e1">
         <name>__TI_static_base__</name>
         <value>0x0</value>
      </symbol>
      <symbol id="sm-5e4">
         <name>UARTStdioConfig</name>
         <value>0x0</value>
      </symbol>
      <symbol id="sm-5e5">
         <name>UARTprintf</name>
         <value>0x0</value>
      </symbol>
      <symbol id="sm-5e6">
         <name>__mpu_init</name>
         <value>0x0</value>
      </symbol>
      <symbol id="sm-5e7">
         <name>_system_post_cinit</name>
         <value>0x0</value>
      </symbol>
   </symbol_table>
   <title>Link errors: red sections failed placement</title>
</link_info>
